
 Start  Stop   Length Name                   Class
 00000H 00803H 00804H GLJEFILE_TEXT          CODE
 00804H 00CBEH 004BBH JEGLSORT_TEXT          CODE
 00CC0H 01072H 003B3H JMPREGL_TEXT           CODE
 01074H 023D4H 01361H JSEDIT_TEXT            CODE
 023D6H 02597H 001C2H JMYANK_TEXT            CODE
 02598H 03C71H 016DAH JMFILE_TEXT            CODE
 03C72H 0438AH 00719H CHVALID_TEXT           CODE
 0438CH 0484EH 004C3H GLENV_TEXT             CODE
 04850H 0544EH 00BFFH JEVALINP_TEXT          CODE
 05450H 073FFH 01FB0H JMEDIT_TEXT            CODE
 07400H 08C22H 01823H JMFLD_TEXT             CODE
 08C24H 09D03H 010E0H JMLNEDIT_TEXT          CODE
 09D04H 0A6BDH 009BAH JMACCTFL_TEXT          CODE
 0A6BEH 0B04FH 00992H GDREPORT_TEXT          CODE
 0B050H 0B8A7H 00858H JMANALDT_TEXT          CODE
 0B8A8H 0CDD7H 01530H JMREPORT_TEXT          CODE
 0CDD8H 0E4D0H 016F9H JMGLRPT_TEXT           CODE
 0E4D2H 1370EH 0523DH JMAARPT_TEXT           CODE
 1370FH 138D1H 001C3H ADDCH_TEXT             CODE
 138D2H 139A1H 000D0H BEEP_TEXT              CODE
 139A2H 139CFH 0002EH BOX_TEXT               CODE
 139D0H 13A0CH 0003DH CLEAR_TEXT             CODE
 13A0DH 13A90H 00084H CLRTOBOT_TEXT          CODE
 13A91H 13B86H 000F6H DELETELN_TEXT          CODE
 13B87H 13BAAH 00024H ENDWIN_TEXT            CODE
 13BABH 13CE5H 0013BH GETCH_TEXT             CODE
 13CE6H 13D75H 00090H INITSCR_TEXT           CODE
 13D76H 13E51H 000DCH INSERTLN_TEXT          CODE
 13E52H 17E3CH 03FEBH _TEXT                  CODE
 17E3DH 17E7DH 00041H MOVE_TEXT              CODE
 17E7EH 18091H 00214H NEWWIN_TEXT            CODE
 18092H 1820BH 0017AH PRINTW_TEXT            CODE
 1820CH 184F7H 002ECH REFRESH_TEXT           CODE
 184F8H 18531H 0003AH TOUCHWIN_TEXT          CODE
 18532H 18560H 0002FH WINFLAG_TEXT           CODE
 18561H 185C5H 00065H CLRTOEOL_TEXT          CODE
 185C6H 18955H 00390H DOUPDATE_TEXT          CODE
 18956H 189BEH 00069H ERASE_TEXT             CODE
 189BFH 18CFFH 00341H NEWLIB_TEXT            CODE
 18D00H 18DACH 000ADH REWRITE_TEXT           CODE
 18DADH 18F1EH 00172H SCROLL_TEXT            CODE
 18F1FH 18F1FH 00000H VERSION_TEXT           CODE
 18F20H 19FADH 0108EH ENTRY_TEXT             CODE
 19FAEH 1B8E3H 01936H QWINDOW_TEXT           CODE
 1B8E4H 1BD29H 00446H IBMPC_TEXT             CODE
 1BD2AH 1C112H 003E9H QHELP_TEXT             CODE
 1C120H 1C121H 00002H EMULATOR_TEXT          CODE
 1C122H 1C122H 00000H C_ETEXT                ENDCODE
 1C122H 1C139H 00018H ENTRY_DATA             FAR_DATA
 1C13AH 1C13AH 00000H ENTRY_CONST            FAR_DATA
 1C13AH 1C13AH 00000H ENTRY_BSS              FAR_DATA
 1C13AH 1C175H 0003CH QWINDOW_DATA           FAR_DATA
 1C176H 1C176H 00000H QWINDOW_CONST          FAR_DATA
 1C176H 1C176H 00000H QWINDOW_BSS            FAR_DATA
 1C176H 1C176H 00000H IBMPC_DATA             FAR_DATA
 1C176H 1C176H 00000H IBMPC_CONST            FAR_DATA
 1C176H 1C176H 00000H IBMPC_BSS              FAR_DATA
 1C176H 1C176H 00000H QHELP_DATA             FAR_DATA
 1C176H 1C176H 00000H QHELP_CONST            FAR_DATA
 1C176H 1C176H 00000H QHELP_BSS              FAR_DATA
 1C180H 1C180H 00000H EMULATOR_DATA          FAR_DATA
 1C180H 1C180H 00000H $$LIN                  DEBLIN
 1C180H 1C180H 00000H $$LIN                  DEBLIN
 1C180H 1C180H 00000H $$LIN                  DEBLIN
 1C180H 1C180H 00000H $$LIN                  DEBLIN
 1C180H 2BEE5H 0FD66H FAR_BSS                FAR_BSS
 2BEF0H 345AFH 086C0H FAR_BSS                FAR_BSS
 345B0H 345F1H 00042H NULL                   BEGDATA
 345F2H 37CB3H 036C2H _DATA                  DATA
 37CB4H 37CB5H 00002H XIQC                   DATA
 37CB6H 37CC1H 0000CH DBDATA                 DATA
 37CC2H 37CCFH 0000EH CDATA                  DATA
 37CD0H 37CD0H 00000H XIFB                   DATA
 37CD0H 37CD0H 00000H XIF                    DATA
 37CD0H 37CD0H 00000H XIFE                   DATA
 37CD0H 37CD0H 00000H XIB                    DATA
 37CD0H 37CD0H 00000H XI                     DATA
 37CD0H 37CD0H 00000H XIE                    DATA
 37CD0H 37CD0H 00000H XPB                    DATA
 37CD0H 37CD3H 00004H XP                     DATA
 37CD4H 37CD4H 00000H XPE                    DATA
 37CD4H 37CD4H 00000H XCB                    DATA
 37CD4H 37CD4H 00000H XC                     DATA
 37CD4H 37CD4H 00000H XCE                    DATA
 37CD4H 37CD4H 00000H XCFB                   DATA
 37CD4H 37CD4H 00000H XCFCRT                 DATA
 37CD4H 37CD4H 00000H XCF                    DATA
 37CD4H 37CD4H 00000H XCFE                   DATA
 37CD4H 37CD4H 00000H XIFCB                  DATA
 37CD4H 37CD4H 00000H XIFU                   DATA
 37CD4H 37CD4H 00000H XIFL                   DATA
 37CD4H 37CD4H 00000H XIFM                   DATA
 37CD4H 37CD4H 00000H XIFCE                  DATA
 37CD4H 37FFFH 0032CH CONST                  CONST
 38000H 38007H 00008H HDR                    MSG
 38008H 380DDH 000D6H MSG                    MSG
 380DEH 380DFH 00002H PAD                    MSG
 380E0H 380E0H 00001H EPAD                   MSG
 380E2H 3836BH 0028AH _BSS                   BSS
 3836CH 3836CH 00000H XOB                    BSS
 3836CH 3836CH 00000H XO                     BSS
 3836CH 3836CH 00000H XOE                    BSS
 3836CH 3836CH 00000H XOFB                   BSS
 3836CH 3836CH 00000H XOF                    BSS
 3836CH 3836CH 00000H XOFE                   BSS
 38370H 383C3H 00054H c_common               BSS
 383D0H 38BCFH 00800H STACK                  STACK

 Origin   Group
 345B:0   DGROUP

Program entry point at 13E5:0188
