
 Start  Stop   Length Name                   Class
 00000H 004F5H 004F6H CHVALID_TEXT           CODE
 004F6H 00D61H 0086CH GDREPORT_TEXT          CODE
 00D62H 011A9H 00448H GLENV_TEXT             CODE
 011AAH 01895H 006ECH GLJEFILE_TEXT          CODE
 01896H 01CC3H 0042EH JEGLSORT_TEXT          CODE
 01CC4H 0257BH 008B8H JEVALINP_TEXT          CODE
 0257CH 060C5H 03B4AH JMAARPT_TEXT           CODE
 060C6H 069C3H 008FEH JMACCTFL_TEXT          CODE
 069C4H 06EE5H 00522H JMANALDT_TEXT          CODE
 06EE6H 08A3DH 01B58H JMEDIT_TEXT            CODE
 08A3EH 09F87H 0154AH JMFILE_TEXT            CODE
 09F88H 0B565H 015DEH JMFLD_TEXT             CODE
 0B566H 0C91BH 013B6H JMGLRPT_TEXT           CODE
 0C91CH 0D83DH 00F22H JMLNEDIT_TEXT          CODE
 0D83EH 0DB73H 00336H JMPREGL_TEXT           CODE
 0DB74H 0EE91H 0131EH JMREPORT_TEXT          CODE
 0EE92H 0F035H 001A4H JMYANK_TEXT            CODE
 0F036H 10161H 0112CH JSEDIT_TEXT            CODE
 10162H 111EFH 0108EH ENTRY_TEXT             CODE
 111F0H 12B25H 01936H QWINDOW_TEXT           CODE
 12B26H 12F6BH 00446H IBMPC_TEXT             CODE
 12F6CH 13354H 003E9H QHELP_TEXT             CODE
 13356H 133B3H 0005EH VPEEK_TEXT             CODE
 133B4H 13576H 001C3H ADDCH_TEXT             CODE
 13577H 13646H 000D0H BEEP_TEXT              CODE
 13647H 13674H 0002EH BOX_TEXT               CODE
 13675H 136B1H 0003DH CLEAR_TEXT             CODE
 136B2H 13735H 00084H CLRTOBOT_TEXT          CODE
 13736H 1382BH 000F6H DELETELN_TEXT          CODE
 1382CH 1384FH 00024H ENDWIN_TEXT            CODE
 13850H 1398AH 0013BH GETCH_TEXT             CODE
 1398BH 13A1AH 00090H INITSCR_TEXT           CODE
 13A1BH 13AF6H 000DCH INSERTLN_TEXT          CODE
 13AF8H 182B2H 047BBH _TEXT                  CODE
 182B3H 182F3H 00041H MOVE_TEXT              CODE
 182F4H 18507H 00214H NEWWIN_TEXT            CODE
 18508H 18681H 0017AH PRINTW_TEXT            CODE
 18682H 1896DH 002ECH REFRESH_TEXT           CODE
 1896EH 189A7H 0003AH TOUCHWIN_TEXT          CODE
 189A8H 189D6H 0002FH WINFLAG_TEXT           CODE
 189D7H 18A3BH 00065H CLRTOEOL_TEXT          CODE
 18A3CH 18DCBH 00390H DOUPDATE_TEXT          CODE
 18DCCH 18E34H 00069H ERASE_TEXT             CODE
 18E35H 19175H 00341H NEWLIB_TEXT            CODE
 19176H 19222H 000ADH REWRITE_TEXT           CODE
 19223H 19394H 00172H SCROLL_TEXT            CODE
 19395H 19395H 00000H VERSION_TEXT           CODE
 19396H 19396H 00000H C_ETEXT                ENDCODE
 19396H 193ADH 00018H ENTRY_DATA             FAR_DATA
 193AEH 193AEH 00000H ENTRY_CONST            FAR_DATA
 193AEH 193AEH 00000H ENTRY_BSS              FAR_DATA
 193AEH 193E9H 0003CH QWINDOW_DATA           FAR_DATA
 193EAH 193EAH 00000H QWINDOW_CONST          FAR_DATA
 193EAH 193EAH 00000H QWINDOW_BSS            FAR_DATA
 193EAH 193EAH 00000H IBMPC_DATA             FAR_DATA
 193EAH 193EAH 00000H IBMPC_CONST            FAR_DATA
 193EAH 193EAH 00000H IBMPC_BSS              FAR_DATA
 193EAH 193EAH 00000H QHELP_DATA             FAR_DATA
 193EAH 193EAH 00000H QHELP_CONST            FAR_DATA
 193EAH 193EAH 00000H QHELP_BSS              FAR_DATA
 193EAH 193EAH 00000H $$LIN                  DEBLIN
 193EAH 193EAH 00000H $$LIN                  DEBLIN
 193EAH 193EAH 00000H $$LIN                  DEBLIN
 193EAH 193EAH 00000H $$LIN                  DEBLIN
 193F0H 29151H 0FD62H FAR_BSS                FAR_BSS
 29160H 2E03BH 04EDCH FAR_BSS                FAR_BSS
 2E040H 2E081H 00042H NULL                   BEGDATA
 2E082H 31795H 03714H _DATA                  DATA
 31796H 317A3H 0000EH CDATA                  DATA
 317A4H 317A4H 00000H XIFB                   DATA
 317A4H 317A4H 00000H XIF                    DATA
 317A4H 317A4H 00000H XIFE                   DATA
 317A4H 317A4H 00000H XIB                    DATA
 317A4H 317A4H 00000H XI                     DATA
 317A4H 317A4H 00000H XIE                    DATA
 317A4H 317A4H 00000H XPB                    DATA
 317A4H 317A7H 00004H XP                     DATA
 317A8H 317A8H 00000H XPE                    DATA
 317A8H 317A8H 00000H XCB                    DATA
 317A8H 317A8H 00000H XC                     DATA
 317A8H 317A8H 00000H XCE                    DATA
 317A8H 317A8H 00000H XCFB                   DATA
 317A8H 317A8H 00000H XCF                    DATA
 317A8H 317A8H 00000H XCFE                   DATA
 317A8H 3198DH 001E6H CONST                  CONST
 3198EH 31995H 00008H HDR                    MSG
 31996H 31A63H 000CEH MSG                    MSG
 31A64H 31A65H 00002H PAD                    MSG
 31A66H 31A66H 00001H EPAD                   MSG
 31A68H 31E55H 003EEH _BSS                   BSS
 31E56H 31E56H 00000H XOB                    BSS
 31E56H 31E56H 00000H XO                     BSS
 31E56H 31E56H 00000H XOE                    BSS
 31E60H 31EB3H 00054H c_common               BSS
 31EC0H 326BFH 00800H STACK                  STACK

 Origin   Group
 2E04:0   DGROUP

Program entry point at 13AF:018E
